---
source: src/buildstructor/codegen.rs
expression: output
---
impl Foo {
    fn builder() -> __foo_new_builder::__FooBuilder<
            (__foo_new_builder::__Required<usize>,),
        > {
        __foo_new_builder::new()
    }
}
mod __foo_new_builder {
    use super::*;
    pub fn new() -> __FooBuilder<(__foo_new_builder::__Required<usize>,)> {
        __FooBuilder {
            fields: (__required(),),
            _phantom: core::default::Default::default(),
        }
    }
    pub struct __Required<T> {
        _phantom: std::marker::PhantomData<T>,
    }
    pub struct __Optional<T> {
        lazy: Option<T>,
    }
    pub struct __Set<T> {
        value: T,
    }
    fn __set<T>(value: T) -> __Set<T> {
        __Set { value }
    }
    fn __required<T>() -> __Required<T> {
        __Required::<T> {
            _phantom: core::default::Default::default(),
        }
    }
    fn __optional<T>() -> __Optional<T> {
        __Optional::<T> { lazy: None }
    }
    impl<T: Default> From<__Optional<T>> for __Set<T> {
        fn from(o: __Optional<T>) -> Self {
            __Set {
                value: o.lazy.unwrap_or_default(),
            }
        }
    }
    pub struct __FooBuilder<__P> {
        fields: __P,
        _phantom: (),
    }
    impl __FooBuilder<(__Required<usize>,)> {
        pub fn simple(self, simple: usize) -> __FooBuilder<(__Set<usize>,)> {
            let simple = simple;
            __FooBuilder {
                fields: (__set(simple),),
                _phantom: core::default::Default::default(),
            }
        }
    }
    impl<__P0: Into<__Set<usize>>> __FooBuilder<(__P0,)> {
        pub fn build(self) -> Foo {
            Foo::new(self.fields.0.into().value)
        }
    }
}

