---
source: src/buildstructor/codegen.rs
expression: output
---
impl Foo {
    fn builder() -> __foo_new_builder::__FooBuilder<
            (__foo_new_builder::__Required<usize>, __foo_new_builder::__Required<usize>),
        > {
        __foo_new_builder::new()
    }
}
mod __foo_new_builder {
    use super::*;
    #[inline(always)]
    pub(super) fn new() -> __FooBuilder<
            (__foo_new_builder::__Required<usize>, __foo_new_builder::__Required<usize>),
        > {
        __FooBuilder {
            fields: (__required(), __required()),
            _phantom: core::default::Default::default(),
        }
    }
    pub struct __Required<T> {
        _phantom: std::marker::PhantomData<T>,
    }
    pub struct __Optional<T> {
        lazy: Option<T>,
    }
    pub struct __Set<T> {
        value: T,
    }
    #[inline(always)]
    fn __set<T>(value: T) -> __Set<T> {
        __Set { value }
    }
    #[inline(always)]
    fn __required<T>() -> __Required<T> {
        __Required::<T> {
            _phantom: core::default::Default::default(),
        }
    }
    #[inline(always)]
    fn __optional<T>() -> __Optional<T> {
        __Optional::<T> { lazy: None }
    }
    impl<T: Default> From<__Optional<T>> for __Set<T> {
        #[inline(always)]
        fn from(o: __Optional<T>) -> Self {
            __Set {
                value: o.lazy.unwrap_or_default(),
            }
        }
    }
    pub(super) struct __FooBuilder<__P> {
        fields: __P,
        _phantom: (),
    }
    impl<__1> __FooBuilder<(__Required<usize>, __1)> {
        #[inline(always)]
        pub(super) fn simple(self, simple: usize) -> __FooBuilder<(__Set<usize>, __1)> {
            let simple = simple;
            __FooBuilder {
                fields: (__set(simple), self.fields.1),
                _phantom: core::default::Default::default(),
            }
        }
    }
    impl<__0> __FooBuilder<(__0, __Required<usize>)> {
        #[inline(always)]
        pub(super) fn simple2(
            self,
            simple2: usize,
        ) -> __FooBuilder<(__0, __Set<usize>)> {
            let simple2 = simple2;
            __FooBuilder {
                fields: (self.fields.0, __set(simple2)),
                _phantom: core::default::Default::default(),
            }
        }
    }
    impl<__P0: Into<__Set<usize>>, __P1: Into<__Set<usize>>> __FooBuilder<(__P0, __P1)> {
        #[inline(always)]
        pub(super) fn build(self) -> Foo {
            Foo::new(self.fields.0.into().value, self.fields.1.into().value)
        }
    }
}

